Archive member included to satisfy reference by file (symbol)

C:/avr-gcc-14.3_2025-07-14_mingw32/bin/../lib/gcc/avr/14.3.0/../../../../avr/lib/avr5\libm.a(cmpsf2.o)
                              ./AVR_TESTING.o (__ltsf2)
C:/avr-gcc-14.3_2025-07-14_mingw32/bin/../lib/gcc/avr/14.3.0/../../../../avr/lib/avr5\libm.a(fixunssfsi.o)
                              ./AVR_TESTING.o (__fixunssfsi)
C:/avr-gcc-14.3_2025-07-14_mingw32/bin/../lib/gcc/avr/14.3.0/../../../../avr/lib/avr5\libm.a(fp_cmp.o)
                              C:/avr-gcc-14.3_2025-07-14_mingw32/bin/../lib/gcc/avr/14.3.0/../../../../avr/lib/avr5\libm.a(cmpsf2.o) (__fp_cmp)
C:/avr-gcc-14.3_2025-07-14_mingw32/bin/../lib/gcc/avr/14.3.0/../../../../avr/lib/avr5\libm.a(fp_split3.o)
                              C:/avr-gcc-14.3_2025-07-14_mingw32/bin/../lib/gcc/avr/14.3.0/../../../../avr/lib/avr5\libm.a(fixunssfsi.o) (__fp_splitA)
C:/avr-gcc-14.3_2025-07-14_mingw32/bin/../lib/gcc/avr/14.3.0/../../../../avr/lib/avr5\libm.a(fp_zero.o)
                              C:/avr-gcc-14.3_2025-07-14_mingw32/bin/../lib/gcc/avr/14.3.0/../../../../avr/lib/avr5\libm.a(fixunssfsi.o) (__fp_zero)
C:/avr-gcc-14.3_2025-07-14_mingw32/bin/../lib/gcc/avr/14.3.0/../../../../avr/lib/avr5\libm.a(gesf2.o)
                              ./AVR_TESTING.o (__gtsf2)
C:/avr-gcc-14.3_2025-07-14_mingw32/bin/../lib/gcc/avr/14.3.0/../../../../avr/lib/avr5\libm.a(mulsf3.o)
                              ./AVR_TESTING.o (__mulsf3)
C:/avr-gcc-14.3_2025-07-14_mingw32/bin/../lib/gcc/avr/14.3.0/../../../../avr/lib/avr5\libm.a(mulsf3x.o)
                              C:/avr-gcc-14.3_2025-07-14_mingw32/bin/../lib/gcc/avr/14.3.0/../../../../avr/lib/avr5\libm.a(mulsf3.o) (__mulsf3x)
C:/avr-gcc-14.3_2025-07-14_mingw32/bin/../lib/gcc/avr/14.3.0/../../../../avr/lib/avr5\libm.a(fp_inf.o)
                              C:/avr-gcc-14.3_2025-07-14_mingw32/bin/../lib/gcc/avr/14.3.0/../../../../avr/lib/avr5\libm.a(mulsf3x.o) (__fp_inf)
C:/avr-gcc-14.3_2025-07-14_mingw32/bin/../lib/gcc/avr/14.3.0/../../../../avr/lib/avr5\libm.a(fp_nan.o)
                              C:/avr-gcc-14.3_2025-07-14_mingw32/bin/../lib/gcc/avr/14.3.0/../../../../avr/lib/avr5\libm.a(mulsf3x.o) (__fp_nan)
C:/avr-gcc-14.3_2025-07-14_mingw32/bin/../lib/gcc/avr/14.3.0/../../../../avr/lib/avr5\libm.a(fp_pscA.o)
                              C:/avr-gcc-14.3_2025-07-14_mingw32/bin/../lib/gcc/avr/14.3.0/../../../../avr/lib/avr5\libm.a(mulsf3x.o) (__fp_pscA)
C:/avr-gcc-14.3_2025-07-14_mingw32/bin/../lib/gcc/avr/14.3.0/../../../../avr/lib/avr5\libm.a(fp_pscB.o)
                              C:/avr-gcc-14.3_2025-07-14_mingw32/bin/../lib/gcc/avr/14.3.0/../../../../avr/lib/avr5\libm.a(mulsf3x.o) (__fp_pscB)
C:/avr-gcc-14.3_2025-07-14_mingw32/bin/../lib/gcc/avr/14.3.0/../../../../avr/lib/avr5\libm.a(fp_round.o)
                              C:/avr-gcc-14.3_2025-07-14_mingw32/bin/../lib/gcc/avr/14.3.0/../../../../avr/lib/avr5\libm.a(mulsf3.o) (__fp_round)
C:/avr-gcc-14.3_2025-07-14_mingw32/bin/../lib/gcc/avr/14.3.0/../../../../avr/lib/avr5\libatmega16.a(init_sp.o)
                              C:/avr-gcc-14.3_2025-07-14_mingw32/bin/../lib/gcc/avr/14.3.0/../../../../avr/lib/avr5/crtatmega16.o (__init_sp)
C:/avr-gcc-14.3_2025-07-14_mingw32/bin/../lib/gcc/avr/14.3.0/../../../../avr/lib/avr5\libatmega16.a(call_main.o)
                              C:/avr-gcc-14.3_2025-07-14_mingw32/bin/../lib/gcc/avr/14.3.0/../../../../avr/lib/avr5/crtatmega16.o (__call_main)
C:/avr-gcc-14.3_2025-07-14_mingw32/bin/../lib/gcc/avr/14.3.0/avr5\libgcc.a(_exit.o)
                              C:/avr-gcc-14.3_2025-07-14_mingw32/bin/../lib/gcc/avr/14.3.0/../../../../avr/lib/avr5\libatmega16.a(call_main.o) (exit)

There are no discarded input sections

Memory Configuration

Name             Origin             Length             Attributes
text             0x00000000         0x00004000         xr
data             0x00800060         0x00000400         rw!x
eeprom           0x00810000         0x00000200         rw!x
fuse             0x00820000         0x00000002         rw!x
lock             0x00830000         0x00000400         rw!x
signature        0x00840000         0x00000400         rw!x
user_signatures  0x00850000         0x00000400         rw!x
*default*        0x00000000         0xffffffff

Linker script and memory map

LOAD C:/avr-gcc-14.3_2025-07-14_mingw32/bin/../lib/gcc/avr/14.3.0/../../../../avr/lib/avr5/crtatmega16.o
LOAD ./AVR_TESTING.o
START GROUP
LOAD C:/avr-gcc-14.3_2025-07-14_mingw32/bin/../lib/gcc/avr/14.3.0/avr5\libgcc.a
LOAD C:/avr-gcc-14.3_2025-07-14_mingw32/bin/../lib/gcc/avr/14.3.0/../../../../avr/lib/avr5\libm.a
LOAD C:/avr-gcc-14.3_2025-07-14_mingw32/bin/../lib/gcc/avr/14.3.0/../../../../avr/lib/avr5\libc.a
LOAD C:/avr-gcc-14.3_2025-07-14_mingw32/bin/../lib/gcc/avr/14.3.0/../../../../avr/lib/avr5\libatmega16.a
END GROUP
                [0x00000000]                      __TEXT_REGION_ORIGIN__ = DEFINED (__TEXT_REGION_ORIGIN__)?__TEXT_REGION_ORIGIN__:0x0
                [0x00004000]                      __TEXT_REGION_LENGTH__ = DEFINED (__TEXT_REGION_LENGTH__)?__TEXT_REGION_LENGTH__:0x20000
                [0x00800060]                      __DATA_REGION_ORIGIN__ = DEFINED (__DATA_REGION_ORIGIN__)?__DATA_REGION_ORIGIN__:0x800060
                [0x00000400]                      __DATA_REGION_LENGTH__ = DEFINED (__DATA_REGION_LENGTH__)?__DATA_REGION_LENGTH__:0xffa0
                [0x00000200]                      __EEPROM_REGION_LENGTH__ = DEFINED (__EEPROM_REGION_LENGTH__)?__EEPROM_REGION_LENGTH__:0x10000
                [0x00000002]                      __FUSE_REGION_LENGTH__ = DEFINED (__FUSE_REGION_LENGTH__)?__FUSE_REGION_LENGTH__:0x400
                0x00000400                        __LOCK_REGION_LENGTH__ = DEFINED (__LOCK_REGION_LENGTH__)?__LOCK_REGION_LENGTH__:0x400
                0x00000400                        __SIGNATURE_REGION_LENGTH__ = DEFINED (__SIGNATURE_REGION_LENGTH__)?__SIGNATURE_REGION_LENGTH__:0x400
                0x00000400                        __USER_SIGNATURE_REGION_LENGTH__ = DEFINED (__USER_SIGNATURE_REGION_LENGTH__)?__USER_SIGNATURE_REGION_LENGTH__:0x400

.hash
 *(.hash)

.dynsym
 *(.dynsym)

.dynstr
 *(.dynstr)

.gnu.version
 *(.gnu.version)

.gnu.version_d
 *(.gnu.version_d)

.gnu.version_r
 *(.gnu.version_r)

.rel.init
 *(.rel.init)

.rela.init
 *(.rela.init)

.rel.text
 *(.rel.text)
 *(.rel.text.*)
 *(.rel.gnu.linkonce.t*)

.rela.text
 *(.rela.text)
 *(.rela.text.*)
 *(.rela.gnu.linkonce.t*)

.rel.fini
 *(.rel.fini)

.rela.fini
 *(.rela.fini)

.rel.rodata
 *(.rel.rodata)
 *(.rel.rodata.*)
 *(.rel.gnu.linkonce.r*)

.rela.rodata
 *(.rela.rodata)
 *(.rela.rodata.*)
 *(.rela.gnu.linkonce.r*)

.rel.data
 *(.rel.data)
 *(.rel.data.*)
 *(.rel.gnu.linkonce.d*)

.rela.data
 *(.rela.data)
 *(.rela.data.*)
 *(.rela.gnu.linkonce.d*)

.rel.ctors
 *(.rel.ctors)

.rela.ctors
 *(.rela.ctors)

.rel.dtors
 *(.rel.dtors)

.rela.dtors
 *(.rela.dtors)

.rel.got
 *(.rel.got)

.rela.got
 *(.rela.got)

.rel.bss
 *(.rel.bss)

.rela.bss
 *(.rela.bss)

.rel.plt
 *(.rel.plt)

.rela.plt
 *(.rela.plt)

.text           0x00000000      0x5dc
 *(.vectors)
 .vectors       0x00000000       0x54 C:/avr-gcc-14.3_2025-07-14_mingw32/bin/../lib/gcc/avr/14.3.0/../../../../avr/lib/avr5/crtatmega16.o
                0x00000000                __vector_default
                0x00000000                __vectors
 *(.vectors)
 *(.progmem.gcc*)
                0x00000054                        . = ALIGN (0x2)
                0x00000054                        __trampolines_start = .
 *(.trampolines)
 .trampolines   0x00000054        0x0 linker stubs
 *(.trampolines*)
                0x00000054                        __trampolines_end = .
 *libprintf_flt.a:*(.progmem.data)
 *libc.a:*(.progmem.data)
 *(.progmem.*)
                0x00000054                        . = ALIGN (0x2)
 *(.lowtext)
 *(.lowtext*)
                0x00000054                        __ctors_start = .
 *(.ctors)
                0x00000054                        __ctors_end = .
                0x00000054                        __dtors_start = .
 *(.dtors)
                0x00000054                        __dtors_end = .
 SORT_BY_NAME(*)(.ctors)
 SORT_BY_NAME(*)(.dtors)
 *(.init0)
 .init0         0x00000054        0x0 C:/avr-gcc-14.3_2025-07-14_mingw32/bin/../lib/gcc/avr/14.3.0/../../../../avr/lib/avr5/crtatmega16.o
                0x00000054                __init
 *(.init0)
 *(.init1)
 *(.init1)
 *(.init2)
 .init2         0x00000054        0x4 C:/avr-gcc-14.3_2025-07-14_mingw32/bin/../lib/gcc/avr/14.3.0/../../../../avr/lib/avr5/crtatmega16.o
 .init2         0x00000058        0x8 C:/avr-gcc-14.3_2025-07-14_mingw32/bin/../lib/gcc/avr/14.3.0/../../../../avr/lib/avr5\libatmega16.a(init_sp.o)
                0x00000058                __init_sp
 *(.init2)
 *(.init3)
 *(.init3)
 *(.init4)
 *(.init4)
 *(.init5)
 *(.init5)
 *(.init6)
 *(.init6)
 *(.init7)
 *(.init7)
 *(.init8)
 *(.init8)
 *(.init9)
 .init9         0x00000060        0x8 C:/avr-gcc-14.3_2025-07-14_mingw32/bin/../lib/gcc/avr/14.3.0/../../../../avr/lib/avr5\libatmega16.a(call_main.o)
                0x00000060                __call_main
 *(.init9)
 *(.text)
 .text          0x00000068        0x4 C:/avr-gcc-14.3_2025-07-14_mingw32/bin/../lib/gcc/avr/14.3.0/../../../../avr/lib/avr5/crtatmega16.o
                0x00000068                __vector_1
                0x00000068                __vector_12
                0x00000068                __bad_interrupt
                0x00000068                __vector_6
                0x00000068                __vector_3
                0x00000068                __vector_11
                0x00000068                __vector_13
                0x00000068                __vector_17
                0x00000068                __vector_19
                0x00000068                __vector_7
                0x00000068                __vector_5
                0x00000068                __vector_4
                0x00000068                __vector_9
                0x00000068                __vector_2
                0x00000068                __vector_15
                0x00000068                __vector_8
                0x00000068                __vector_14
                0x00000068                __vector_10
                0x00000068                __vector_16
                0x00000068                __vector_18
                0x00000068                __vector_20
 .text          0x0000006c        0x0 ./AVR_TESTING.o
 .text          0x0000006c        0x0 C:/avr-gcc-14.3_2025-07-14_mingw32/bin/../lib/gcc/avr/14.3.0/../../../../avr/lib/avr5\libm.a(cmpsf2.o)
 .text          0x0000006c        0x0 C:/avr-gcc-14.3_2025-07-14_mingw32/bin/../lib/gcc/avr/14.3.0/../../../../avr/lib/avr5\libm.a(fixunssfsi.o)
 .text          0x0000006c        0x0 C:/avr-gcc-14.3_2025-07-14_mingw32/bin/../lib/gcc/avr/14.3.0/../../../../avr/lib/avr5\libm.a(fp_cmp.o)
 .text          0x0000006c        0x0 C:/avr-gcc-14.3_2025-07-14_mingw32/bin/../lib/gcc/avr/14.3.0/../../../../avr/lib/avr5\libm.a(fp_split3.o)
 .text          0x0000006c        0x0 C:/avr-gcc-14.3_2025-07-14_mingw32/bin/../lib/gcc/avr/14.3.0/../../../../avr/lib/avr5\libm.a(fp_zero.o)
 .text          0x0000006c        0x0 C:/avr-gcc-14.3_2025-07-14_mingw32/bin/../lib/gcc/avr/14.3.0/../../../../avr/lib/avr5\libm.a(gesf2.o)
 .text          0x0000006c        0x0 C:/avr-gcc-14.3_2025-07-14_mingw32/bin/../lib/gcc/avr/14.3.0/../../../../avr/lib/avr5\libm.a(mulsf3.o)
 .text          0x0000006c        0x0 C:/avr-gcc-14.3_2025-07-14_mingw32/bin/../lib/gcc/avr/14.3.0/../../../../avr/lib/avr5\libm.a(mulsf3x.o)
 .text          0x0000006c        0x0 C:/avr-gcc-14.3_2025-07-14_mingw32/bin/../lib/gcc/avr/14.3.0/../../../../avr/lib/avr5\libm.a(fp_inf.o)
 .text          0x0000006c        0x0 C:/avr-gcc-14.3_2025-07-14_mingw32/bin/../lib/gcc/avr/14.3.0/../../../../avr/lib/avr5\libm.a(fp_nan.o)
 .text          0x0000006c        0x0 C:/avr-gcc-14.3_2025-07-14_mingw32/bin/../lib/gcc/avr/14.3.0/../../../../avr/lib/avr5\libm.a(fp_pscA.o)
 .text          0x0000006c        0x0 C:/avr-gcc-14.3_2025-07-14_mingw32/bin/../lib/gcc/avr/14.3.0/../../../../avr/lib/avr5\libm.a(fp_pscB.o)
 .text          0x0000006c        0x0 C:/avr-gcc-14.3_2025-07-14_mingw32/bin/../lib/gcc/avr/14.3.0/../../../../avr/lib/avr5\libm.a(fp_round.o)
 .text          0x0000006c        0x0 C:/avr-gcc-14.3_2025-07-14_mingw32/bin/../lib/gcc/avr/14.3.0/../../../../avr/lib/avr5\libatmega16.a(init_sp.o)
 .text          0x0000006c        0x0 C:/avr-gcc-14.3_2025-07-14_mingw32/bin/../lib/gcc/avr/14.3.0/../../../../avr/lib/avr5\libatmega16.a(call_main.o)
 .text          0x0000006c        0x0 C:/avr-gcc-14.3_2025-07-14_mingw32/bin/../lib/gcc/avr/14.3.0/avr5\libgcc.a(_exit.o)
                0x0000006c                        . = ALIGN (0x2)
 *(.text.*)
 .text.main     0x0000006c      0x336 ./AVR_TESTING.o
                0x0000006c                main
 .text.avr-libc.fplib
                0x000003a2        0xa C:/avr-gcc-14.3_2025-07-14_mingw32/bin/../lib/gcc/avr/14.3.0/../../../../avr/lib/avr5\libm.a(cmpsf2.o)
                0x000003a2                __nesf2
                0x000003a2                __eqsf2
                0x000003a2                __cmpsf2
                0x000003a2                __ltsf2
                0x000003a2                __lesf2
 .text.avr-libc.fplib
                0x000003ac       0x5e C:/avr-gcc-14.3_2025-07-14_mingw32/bin/../lib/gcc/avr/14.3.0/../../../../avr/lib/avr5\libm.a(fixunssfsi.o)
                0x000003ac                __fixunssfsi
 .text.avr-libc.fplib
                0x0000040a       0x48 C:/avr-gcc-14.3_2025-07-14_mingw32/bin/../lib/gcc/avr/14.3.0/../../../../avr/lib/avr5\libm.a(fp_cmp.o)
                0x0000040a                __fp_cmp
 .text.avr-libc.fplib
                0x00000452       0x44 C:/avr-gcc-14.3_2025-07-14_mingw32/bin/../lib/gcc/avr/14.3.0/../../../../avr/lib/avr5\libm.a(fp_split3.o)
                0x00000452                __fp_split3
                0x00000462                __fp_splitA
 .text.avr-libc.fplib
                0x00000496        0xe C:/avr-gcc-14.3_2025-07-14_mingw32/bin/../lib/gcc/avr/14.3.0/../../../../avr/lib/avr5\libm.a(fp_zero.o)
                0x00000496                __fp_zero
                0x00000498                __fp_szero
 .text.avr-libc.fplib
                0x000004a4        0xa C:/avr-gcc-14.3_2025-07-14_mingw32/bin/../lib/gcc/avr/14.3.0/../../../../avr/lib/avr5\libm.a(gesf2.o)
                0x000004a4                __gesf2
                0x000004a4                __gtsf2
 .text.avr-libc.fplib
                0x000004ae        0x8 C:/avr-gcc-14.3_2025-07-14_mingw32/bin/../lib/gcc/avr/14.3.0/../../../../avr/lib/avr5\libm.a(mulsf3.o)
                0x000004ae                __mulsf3
 .text.avr-libc.fplib
                0x000004b6       0xd2 C:/avr-gcc-14.3_2025-07-14_mingw32/bin/../lib/gcc/avr/14.3.0/../../../../avr/lib/avr5\libm.a(mulsf3x.o)
                0x000004d4                __mulsf3x
                0x000004da                __mulsf3_pse
 .text.avr-libc.fplib
                0x00000588        0xc C:/avr-gcc-14.3_2025-07-14_mingw32/bin/../lib/gcc/avr/14.3.0/../../../../avr/lib/avr5\libm.a(fp_inf.o)
                0x00000588                __fp_inf
 .text.avr-libc.fplib
                0x00000594        0x6 C:/avr-gcc-14.3_2025-07-14_mingw32/bin/../lib/gcc/avr/14.3.0/../../../../avr/lib/avr5\libm.a(fp_nan.o)
                0x00000594                __fp_nan
 .text.avr-libc.fplib
                0x0000059a        0xe C:/avr-gcc-14.3_2025-07-14_mingw32/bin/../lib/gcc/avr/14.3.0/../../../../avr/lib/avr5\libm.a(fp_pscA.o)
                0x0000059a                __fp_pscA
 .text.avr-libc.fplib
                0x000005a8        0xe C:/avr-gcc-14.3_2025-07-14_mingw32/bin/../lib/gcc/avr/14.3.0/../../../../avr/lib/avr5\libm.a(fp_pscB.o)
                0x000005a8                __fp_pscB
 .text.avr-libc.fplib
                0x000005b6       0x22 C:/avr-gcc-14.3_2025-07-14_mingw32/bin/../lib/gcc/avr/14.3.0/../../../../avr/lib/avr5\libm.a(fp_round.o)
                0x000005b6                __fp_round
 .text.libgcc.mul
                0x000005d8        0x0 C:/avr-gcc-14.3_2025-07-14_mingw32/bin/../lib/gcc/avr/14.3.0/avr5\libgcc.a(_exit.o)
 .text.libgcc.div
                0x000005d8        0x0 C:/avr-gcc-14.3_2025-07-14_mingw32/bin/../lib/gcc/avr/14.3.0/avr5\libgcc.a(_exit.o)
 .text.libgcc   0x000005d8        0x0 C:/avr-gcc-14.3_2025-07-14_mingw32/bin/../lib/gcc/avr/14.3.0/avr5\libgcc.a(_exit.o)
 .text.libgcc.prologue
                0x000005d8        0x0 C:/avr-gcc-14.3_2025-07-14_mingw32/bin/../lib/gcc/avr/14.3.0/avr5\libgcc.a(_exit.o)
 .text.libgcc.builtins
                0x000005d8        0x0 C:/avr-gcc-14.3_2025-07-14_mingw32/bin/../lib/gcc/avr/14.3.0/avr5\libgcc.a(_exit.o)
 .text.libgcc.fmul
                0x000005d8        0x0 C:/avr-gcc-14.3_2025-07-14_mingw32/bin/../lib/gcc/avr/14.3.0/avr5\libgcc.a(_exit.o)
 .text.libgcc.fixed
                0x000005d8        0x0 C:/avr-gcc-14.3_2025-07-14_mingw32/bin/../lib/gcc/avr/14.3.0/avr5\libgcc.a(_exit.o)
                0x000005d8                        . = ALIGN (0x2)
 *(.fini9)
 .fini9         0x000005d8        0x0 C:/avr-gcc-14.3_2025-07-14_mingw32/bin/../lib/gcc/avr/14.3.0/avr5\libgcc.a(_exit.o)
                0x000005d8                _exit
                0x000005d8                exit
 *(.fini9)
 *(.fini8)
 *(.fini8)
 *(.fini7)
 *(.fini7)
 *(.fini6)
 *(.fini6)
 *(.fini5)
 *(.fini5)
 *(.fini4)
 *(.fini4)
 *(.fini3)
 *(.fini3)
 *(.fini2)
 *(.fini2)
 *(.fini1)
 *(.fini1)
 *(.fini0)
 .fini0         0x000005d8        0x4 C:/avr-gcc-14.3_2025-07-14_mingw32/bin/../lib/gcc/avr/14.3.0/avr5\libgcc.a(_exit.o)
 *(.fini0)
 *(.hightext)
 *(.hightext*)
 *(.progmemx.*)
                0x000005dc                        . = ALIGN (0x2)
 *(.jumptables)
 *(.jumptables*)
                0x000005dc                        _etext = .

.data           0x00800060        0x0 load address 0x000005dc
                [!provide]                        PROVIDE (__data_start = .)
 *(.data)
 .data          0x00800060        0x0 C:/avr-gcc-14.3_2025-07-14_mingw32/bin/../lib/gcc/avr/14.3.0/../../../../avr/lib/avr5/crtatmega16.o
 .data          0x00800060        0x0 ./AVR_TESTING.o
 .data          0x00800060        0x0 C:/avr-gcc-14.3_2025-07-14_mingw32/bin/../lib/gcc/avr/14.3.0/../../../../avr/lib/avr5\libm.a(cmpsf2.o)
 .data          0x00800060        0x0 C:/avr-gcc-14.3_2025-07-14_mingw32/bin/../lib/gcc/avr/14.3.0/../../../../avr/lib/avr5\libm.a(fixunssfsi.o)
 .data          0x00800060        0x0 C:/avr-gcc-14.3_2025-07-14_mingw32/bin/../lib/gcc/avr/14.3.0/../../../../avr/lib/avr5\libm.a(fp_cmp.o)
 .data          0x00800060        0x0 C:/avr-gcc-14.3_2025-07-14_mingw32/bin/../lib/gcc/avr/14.3.0/../../../../avr/lib/avr5\libm.a(fp_split3.o)
 .data          0x00800060        0x0 C:/avr-gcc-14.3_2025-07-14_mingw32/bin/../lib/gcc/avr/14.3.0/../../../../avr/lib/avr5\libm.a(fp_zero.o)
 .data          0x00800060        0x0 C:/avr-gcc-14.3_2025-07-14_mingw32/bin/../lib/gcc/avr/14.3.0/../../../../avr/lib/avr5\libm.a(gesf2.o)
 .data          0x00800060        0x0 C:/avr-gcc-14.3_2025-07-14_mingw32/bin/../lib/gcc/avr/14.3.0/../../../../avr/lib/avr5\libm.a(mulsf3.o)
 .data          0x00800060        0x0 C:/avr-gcc-14.3_2025-07-14_mingw32/bin/../lib/gcc/avr/14.3.0/../../../../avr/lib/avr5\libm.a(mulsf3x.o)
 .data          0x00800060        0x0 C:/avr-gcc-14.3_2025-07-14_mingw32/bin/../lib/gcc/avr/14.3.0/../../../../avr/lib/avr5\libm.a(fp_inf.o)
 .data          0x00800060        0x0 C:/avr-gcc-14.3_2025-07-14_mingw32/bin/../lib/gcc/avr/14.3.0/../../../../avr/lib/avr5\libm.a(fp_nan.o)
 .data          0x00800060        0x0 C:/avr-gcc-14.3_2025-07-14_mingw32/bin/../lib/gcc/avr/14.3.0/../../../../avr/lib/avr5\libm.a(fp_pscA.o)
 .data          0x00800060        0x0 C:/avr-gcc-14.3_2025-07-14_mingw32/bin/../lib/gcc/avr/14.3.0/../../../../avr/lib/avr5\libm.a(fp_pscB.o)
 .data          0x00800060        0x0 C:/avr-gcc-14.3_2025-07-14_mingw32/bin/../lib/gcc/avr/14.3.0/../../../../avr/lib/avr5\libm.a(fp_round.o)
 .data          0x00800060        0x0 C:/avr-gcc-14.3_2025-07-14_mingw32/bin/../lib/gcc/avr/14.3.0/../../../../avr/lib/avr5\libatmega16.a(init_sp.o)
 .data          0x00800060        0x0 C:/avr-gcc-14.3_2025-07-14_mingw32/bin/../lib/gcc/avr/14.3.0/../../../../avr/lib/avr5\libatmega16.a(call_main.o)
 .data          0x00800060        0x0 C:/avr-gcc-14.3_2025-07-14_mingw32/bin/../lib/gcc/avr/14.3.0/avr5\libgcc.a(_exit.o)
 *(.data*)
 *(.gnu.linkonce.d*)
 *(.rodata)
 *(.rodata*)
 *(.gnu.linkonce.r*)
                0x00800060                        . = ALIGN (0x2)
                0x00800060                        _edata = .
                [!provide]                        PROVIDE (__data_end = .)

.bss            0x00800060        0x0
                [!provide]                        PROVIDE (__bss_start = .)
 *(.bss)
 .bss           0x00800060        0x0 C:/avr-gcc-14.3_2025-07-14_mingw32/bin/../lib/gcc/avr/14.3.0/../../../../avr/lib/avr5/crtatmega16.o
 .bss           0x00800060        0x0 ./AVR_TESTING.o
 .bss           0x00800060        0x0 C:/avr-gcc-14.3_2025-07-14_mingw32/bin/../lib/gcc/avr/14.3.0/../../../../avr/lib/avr5\libm.a(cmpsf2.o)
 .bss           0x00800060        0x0 C:/avr-gcc-14.3_2025-07-14_mingw32/bin/../lib/gcc/avr/14.3.0/../../../../avr/lib/avr5\libm.a(fixunssfsi.o)
 .bss           0x00800060        0x0 C:/avr-gcc-14.3_2025-07-14_mingw32/bin/../lib/gcc/avr/14.3.0/../../../../avr/lib/avr5\libm.a(fp_cmp.o)
 .bss           0x00800060        0x0 C:/avr-gcc-14.3_2025-07-14_mingw32/bin/../lib/gcc/avr/14.3.0/../../../../avr/lib/avr5\libm.a(fp_split3.o)
 .bss           0x00800060        0x0 C:/avr-gcc-14.3_2025-07-14_mingw32/bin/../lib/gcc/avr/14.3.0/../../../../avr/lib/avr5\libm.a(fp_zero.o)
 .bss           0x00800060        0x0 C:/avr-gcc-14.3_2025-07-14_mingw32/bin/../lib/gcc/avr/14.3.0/../../../../avr/lib/avr5\libm.a(gesf2.o)
 .bss           0x00800060        0x0 C:/avr-gcc-14.3_2025-07-14_mingw32/bin/../lib/gcc/avr/14.3.0/../../../../avr/lib/avr5\libm.a(mulsf3.o)
 .bss           0x00800060        0x0 C:/avr-gcc-14.3_2025-07-14_mingw32/bin/../lib/gcc/avr/14.3.0/../../../../avr/lib/avr5\libm.a(mulsf3x.o)
 .bss           0x00800060        0x0 C:/avr-gcc-14.3_2025-07-14_mingw32/bin/../lib/gcc/avr/14.3.0/../../../../avr/lib/avr5\libm.a(fp_inf.o)
 .bss           0x00800060        0x0 C:/avr-gcc-14.3_2025-07-14_mingw32/bin/../lib/gcc/avr/14.3.0/../../../../avr/lib/avr5\libm.a(fp_nan.o)
 .bss           0x00800060        0x0 C:/avr-gcc-14.3_2025-07-14_mingw32/bin/../lib/gcc/avr/14.3.0/../../../../avr/lib/avr5\libm.a(fp_pscA.o)
 .bss           0x00800060        0x0 C:/avr-gcc-14.3_2025-07-14_mingw32/bin/../lib/gcc/avr/14.3.0/../../../../avr/lib/avr5\libm.a(fp_pscB.o)
 .bss           0x00800060        0x0 C:/avr-gcc-14.3_2025-07-14_mingw32/bin/../lib/gcc/avr/14.3.0/../../../../avr/lib/avr5\libm.a(fp_round.o)
 .bss           0x00800060        0x0 C:/avr-gcc-14.3_2025-07-14_mingw32/bin/../lib/gcc/avr/14.3.0/../../../../avr/lib/avr5\libatmega16.a(init_sp.o)
 .bss           0x00800060        0x0 C:/avr-gcc-14.3_2025-07-14_mingw32/bin/../lib/gcc/avr/14.3.0/../../../../avr/lib/avr5\libatmega16.a(call_main.o)
 .bss           0x00800060        0x0 C:/avr-gcc-14.3_2025-07-14_mingw32/bin/../lib/gcc/avr/14.3.0/avr5\libgcc.a(_exit.o)
 *(.bss*)
 *(COMMON)
                [!provide]                        PROVIDE (__bss_end = .)
                0x000005dc                        __data_load_start = LOADADDR (.data)
                0x000005dc                        __data_load_end = (__data_load_start + SIZEOF (.data))

.noinit         0x00800060        0x0
                [!provide]                        PROVIDE (__noinit_start = .)
 *(.noinit .noinit.* .gnu.linkonce.n.*)
                [!provide]                        PROVIDE (__noinit_end = .)
                0x00800060                        _end = .
                [!provide]                        PROVIDE (__heap_start = .)
                0x00000000                        __flmap_init_label = DEFINED (__flmap_noinit_start)?__flmap_noinit_start:0x0
                0x00000000                        __flmap = DEFINED (__flmap)?__flmap:0x0

.eeprom         0x00810000        0x0
 *(.eeprom*)
                0x00810000                        __eeprom_end = .

.fuse
 *(.fuse)
 *(.lfuse)
 *(.hfuse)
 *(.efuse)

.lock
 *(.lock*)

.signature
 *(.signature*)

.stab
 *(.stab)

.stabstr
 *(.stabstr)

.stab.excl
 *(.stab.excl)

.stab.exclstr
 *(.stab.exclstr)

.stab.index
 *(.stab.index)

.stab.indexstr
 *(.stab.indexstr)

.comment        0x00000000       0x12
 *(.comment)
 .comment       0x00000000       0x12 ./AVR_TESTING.o
                                 0x13 (size before relaxing)

.note.gnu.avr.deviceinfo
                0x00000000       0x3c
 .note.gnu.avr.deviceinfo
                0x00000000       0x3c C:/avr-gcc-14.3_2025-07-14_mingw32/bin/../lib/gcc/avr/14.3.0/../../../../avr/lib/avr5/crtatmega16.o

.gnu.build.attributes
 *(.gnu.build.attributes .gnu.build.attributes.*)

.note.gnu.build-id
 *(.note.gnu.build-id)

.debug
 *(.debug)

.line
 *(.line)

.debug_srcinfo
 *(.debug_srcinfo)

.debug_sfnames
 *(.debug_sfnames)

.debug_aranges  0x00000000       0x40
 *(.debug_aranges)
 .debug_aranges
                0x00000000       0x20 ./AVR_TESTING.o
 .debug_aranges
                0x00000020       0x20 C:/avr-gcc-14.3_2025-07-14_mingw32/bin/../lib/gcc/avr/14.3.0/avr5\libgcc.a(_exit.o)

.debug_pubnames
 *(.debug_pubnames)

.debug_info     0x00000000      0x754
 *(.debug_info .gnu.linkonce.wi.*)
 .debug_info    0x00000000      0x52e C:/avr-gcc-14.3_2025-07-14_mingw32/bin/../lib/gcc/avr/14.3.0/../../../../avr/lib/avr5/crtatmega16.o
 .debug_info    0x0000052e      0x202 ./AVR_TESTING.o
 .debug_info    0x00000730       0x24 C:/avr-gcc-14.3_2025-07-14_mingw32/bin/../lib/gcc/avr/14.3.0/avr5\libgcc.a(_exit.o)

.debug_abbrev   0x00000000      0x5cb
 *(.debug_abbrev)
 .debug_abbrev  0x00000000      0x4e7 C:/avr-gcc-14.3_2025-07-14_mingw32/bin/../lib/gcc/avr/14.3.0/../../../../avr/lib/avr5/crtatmega16.o
 .debug_abbrev  0x000004e7       0xd0 ./AVR_TESTING.o
 .debug_abbrev  0x000005b7       0x14 C:/avr-gcc-14.3_2025-07-14_mingw32/bin/../lib/gcc/avr/14.3.0/avr5\libgcc.a(_exit.o)

.debug_line     0x00000000      0x306
 *(.debug_line .debug_line.* .debug_line_end)
 .debug_line    0x00000000       0x1d C:/avr-gcc-14.3_2025-07-14_mingw32/bin/../lib/gcc/avr/14.3.0/../../../../avr/lib/avr5/crtatmega16.o
 .debug_line    0x0000001d      0x298 ./AVR_TESTING.o
 .debug_line    0x000002b5       0x51 C:/avr-gcc-14.3_2025-07-14_mingw32/bin/../lib/gcc/avr/14.3.0/avr5\libgcc.a(_exit.o)

.debug_frame    0x00000000       0x34
 *(.debug_frame)
 .debug_frame   0x00000000       0x34 ./AVR_TESTING.o

.debug_str      0x00000000      0x366
 *(.debug_str)
 .debug_str     0x00000000      0x1b2 C:/avr-gcc-14.3_2025-07-14_mingw32/bin/../lib/gcc/avr/14.3.0/../../../../avr/lib/avr5/crtatmega16.o
 .debug_str     0x000001b2      0x1b4 ./AVR_TESTING.o
                                0x180 (size before relaxing)
 .debug_str     0x00000366       0x68 C:/avr-gcc-14.3_2025-07-14_mingw32/bin/../lib/gcc/avr/14.3.0/avr5\libgcc.a(_exit.o)

.debug_loc
 *(.debug_loc)

.debug_macinfo
 *(.debug_macinfo)

.debug_weaknames
 *(.debug_weaknames)

.debug_funcnames
 *(.debug_funcnames)

.debug_typenames
 *(.debug_typenames)

.debug_varnames
 *(.debug_varnames)

.debug_pubtypes
 *(.debug_pubtypes)

.debug_ranges
 *(.debug_ranges)

.debug_addr
 *(.debug_addr)

.debug_line_str
                0x00000000      0x122
 *(.debug_line_str)
 .debug_line_str
                0x00000000      0x122 ./AVR_TESTING.o
                                0x11b (size before relaxing)
 .debug_line_str
                0x00000122       0x5c C:/avr-gcc-14.3_2025-07-14_mingw32/bin/../lib/gcc/avr/14.3.0/avr5\libgcc.a(_exit.o)

.debug_loclists
 *(.debug_loclists)

.debug_macro
 *(.debug_macro)

.debug_names
 *(.debug_names)

.debug_rnglists
                0x00000000       0x14
 *(.debug_rnglists)
 .debug_rnglists
                0x00000000       0x14 ./AVR_TESTING.o

.debug_str_offsets
 *(.debug_str_offsets)

.debug_sup
 *(.debug_sup)
OUTPUT(AVR_TESTING.elf elf32-avr)
LOAD linker stubs
